// Jest Snapshot v1, https://goo.gl/fbAQLP

exports[`ExpenseListItem component should render ExpenseListItem with expense 1`] = `
<div>
  <Link
    to="/edit/1"
  >
    Water Bill
  </Link>
   - 
  â‚¬166,60
   - 
  April 19, 2019
  <button
    onClick={[Function]}
  >
    Edit
  </button>
  <button
    onClick={[Function]}
  >
    Remove
  </button>
</div>
`;
