// Jest Snapshot v1, https://goo.gl/fbAQLP

exports[`Header component should render Header correctly 1`] = `
<div
  className="header"
>
  <div
    className="content-container"
  >
    <div
      className="header__content"
    >
      <Link
        className="header__title"
        to="/dashboard"
      >
        <h1>
          Expensify
        </h1>
      </Link>
      <button
        className="button button--link"
        onClick={[Function]}
      >
        Logout
      </button>
    </div>
  </div>
</div>
`;
