// Jest Snapshot v1, https://goo.gl/fbAQLP

exports[`NotFoundPage component should render NotFoundPage correctly 1`] = `
<div>
  404 Not Found - 
  <Link
    to="/"
  >
    Go Home
  </Link>
</div>
`;
